fr\phunder\flashminigame\game\type\GameType.class
fr\phunder\flashminigame\commands\CmdGame$4.class
fr\phunder\flashminigame\game\Game.class
fr\phunder\flashminigame\commands\CmdGame$9.class
fr\phunder\flashminigame\commands\tab_completers\TcWorld.class
fr\phunder\flashminigame\utils\message\MessageConfig.class
fr\phunder\flashminigame\commands\CmdWorld$2.class
fr\phunder\flashminigame\commands\CmdGame$2.class
fr\phunder\flashminigame\commands\CmdGame$6.class
fr\phunder\flashminigame\utils\CommandUtils.class
fr\phunder\flashminigame\game\Game$1.class
fr\phunder\flashminigame\commands\CmdPing.class
fr\phunder\flashminigame\commands\CmdGame$8.class
fr\phunder\flashminigame\utils\WorldUtils.class
fr\phunder\flashminigame\commands\tab_completers\TcGame.class
fr\phunder\flashminigame\commands\CmdGame$3.class
fr\phunder\flashminigame\commands\CmdWorld.class
fr\phunder\flashminigame\commands\CmdGame$5.class
fr\phunder\flashminigame\commands\CmdGame$1.class
fr\phunder\flashminigame\commands\CmdWorld$3.class
fr\phunder\flashminigame\commands\CmdGame$7.class
fr\phunder\flashminigame\commands\CmdGame.class
fr\phunder\flashminigame\game\Game$2.class
fr\phunder\flashminigame\utils\message\MessageUtils.class
fr\phunder\flashminigame\commands\CmdWorld$1.class
fr\phunder\flashminigame\utils\message\MessageType.class
fr\phunder\flashminigame\Plugin.class
fr\phunder\flashminigame\game\GameStatus.class
fr\phunder\flashminigame\world\EmptyChunkGenerator.class
fr\phunder\flashminigame\game\type\HideAndSeek.class
