D:\Phunder\Github\FlashMiniGame\src\main\java\fr\phunder\flashminigame\utils\CommandUtils.java
D:\Phunder\Github\FlashMiniGame\src\main\java\fr\phunder\flashminigame\Plugin.java
D:\Phunder\Github\FlashMiniGame\src\main\java\fr\phunder\flashminigame\commands\CmdGame.java
D:\Phunder\Github\FlashMiniGame\src\main\java\fr\phunder\flashminigame\game\type\HideAndSeek.java
D:\Phunder\Github\FlashMiniGame\src\main\java\fr\phunder\flashminigame\commands\CmdPing.java
D:\Phunder\Github\FlashMiniGame\src\main\java\fr\phunder\flashminigame\commands\tab_completers\TcGame.java
D:\Phunder\Github\FlashMiniGame\src\main\java\fr\phunder\flashminigame\world\EmptyChunkGenerator.java
D:\Phunder\Github\FlashMiniGame\src\main\java\fr\phunder\flashminigame\utils\message\MessageType.java
D:\Phunder\Github\FlashMiniGame\src\main\java\fr\phunder\flashminigame\commands\tab_completers\TcWorld.java
D:\Phunder\Github\FlashMiniGame\src\main\java\fr\phunder\flashminigame\game\type\GameType.java
D:\Phunder\Github\FlashMiniGame\src\main\java\fr\phunder\flashminigame\game\GameStatus.java
D:\Phunder\Github\FlashMiniGame\src\main\java\fr\phunder\flashminigame\commands\CmdWorld.java
D:\Phunder\Github\FlashMiniGame\src\main\java\fr\phunder\flashminigame\game\Game.java
D:\Phunder\Github\FlashMiniGame\src\main\java\fr\phunder\flashminigame\utils\message\MessageConfig.java
D:\Phunder\Github\FlashMiniGame\src\main\java\fr\phunder\flashminigame\utils\message\MessageUtils.java
D:\Phunder\Github\FlashMiniGame\src\main\java\fr\phunder\flashminigame\utils\WorldUtils.java
