D:\Phunder\Github\FlashMiniGame\src\main\java\fr\phunder\flashminigame\utils\CommandUtils.java
D:\Phunder\Github\FlashMiniGame\src\main\java\fr\phunder\flashminigame\Plugin.java
D:\Phunder\Github\FlashMiniGame\src\main\java\fr\phunder\flashminigame\commands\CmdGame.java
D:\Phunder\Github\FlashMiniGame\src\main\java\fr\phunder\flashminigame\game\type\HideAndSeek.java
D:\Phunder\Github\FlashMiniGame\src\main\java\fr\phunder\flashminigame\utils\count\CountdownTimer.java
D:\Phunder\Github\FlashMiniGame\src\main\java\fr\phunder\flashminigame\commands\CmdPing.java
D:\Phunder\Github\FlashMiniGame\src\main\java\fr\phunder\flashminigame\commands\tab_completers\TcGame.java
D:\Phunder\Github\FlashMiniGame\src\main\java\fr\phunder\flashminigame\utils\message\MessageType.java
D:\Phunder\Github\FlashMiniGame\src\main\java\fr\phunder\flashminigame\commands\tab_completers\TcWorld.java
D:\Phunder\Github\FlashMiniGame\src\main\java\fr\phunder\flashminigame\game\type\GameType.java
D:\Phunder\Github\FlashMiniGame\src\main\java\fr\phunder\flashminigame\game\eventListerners\HideAndSideEventListerners.java
D:\Phunder\Github\FlashMiniGame\src\main\java\fr\phunder\flashminigame\game\GameStatus.java
D:\Phunder\Github\FlashMiniGame\src\main\java\fr\phunder\flashminigame\utils\count\CountTimer.java
D:\Phunder\Github\FlashMiniGame\src\main\java\fr\phunder\flashminigame\commands\CmdWorld.java
D:\Phunder\Github\FlashMiniGame\src\main\java\fr\phunder\flashminigame\game\eventListerners\GameEventListeners.java
D:\Phunder\Github\FlashMiniGame\src\main\java\fr\phunder\flashminigame\utils\world\WorldUtils.java
D:\Phunder\Github\FlashMiniGame\src\main\java\fr\phunder\flashminigame\game\Game.java
D:\Phunder\Github\FlashMiniGame\src\main\java\fr\phunder\flashminigame\utils\message\MessageConfig.java
D:\Phunder\Github\FlashMiniGame\src\main\java\fr\phunder\flashminigame\utils\message\MessageUtils.java
D:\Phunder\Github\FlashMiniGame\src\main\java\fr\phunder\flashminigame\utils\world\EmptyChunkGenerator.java
